python: can't open file 'run-crawler.py': [Errno 2] No such file or directory
